// Jest Snapshot v1, https://jestjs.io/docs/snapshot-testing

exports[`CursorFollower matches snapshot 1`] = `
<div>
  <div
    style="position: fixed; inset: 0; pointer-events: none; z-index: 9999; overflow: hidden;"
  >
    <div
      style="position: absolute; top: -20px; left: -20px; width: 40px; height: 40px; border-radius: 50%; border: 2px solid transparent; box-shadow: 0 0 15px 2px #9c27b044; opacity: 0; transition: opacity 0.15s ease; mix-blend-mode: multiply; transform: none;"
    />
    <div
      style="position: absolute; top: -4px; left: -4px; width: 8px; height: 8px; border-radius: 50%; background: linear-gradient(135deg, #1976d2, #9c27b0); opacity: 0; transition: opacity 0.15s ease; transform: none;"
    />
  </div>
</div>
`;
