// Jest Snapshot v1, https://jestjs.io/docs/snapshot-testing

exports[`Footer matches snapshot 1`] = `
<div>
  <footer
    class="MuiBox-root css-z55cnt"
  >
    <div
      class="MuiContainer-root MuiContainer-maxWidthLg css-5c1adp-MuiContainer-root"
    >
      <p
        class="MuiTypography-root MuiTypography-body2 css-49k58m-MuiTypography-root"
      >
        Footer
      </p>
    </div>
  </footer>
</div>
`;
