// Jest Snapshot v1, https://jestjs.io/docs/snapshot-testing

exports[`Landing matches snapshot 1`] = `
<div>
  <section
    class="css-uifhc8"
  >
    <div
      class="MuiBox-root css-15q6k31"
    >
      <div
        style="position: absolute; left: 10%; top: 15%; width: 500px; height: 500px; border-radius: 50%; background: radial-gradient(circle, rgba(46, 125, 50, 0.17) 0%, transparent 70%); filter: blur(60px); will-change: transform;"
      />
      <div
        style="position: absolute; left: 65%; top: 60%; width: 400px; height: 400px; border-radius: 50%; background: radial-gradient(circle, rgba(0, 137, 123, 0.16) 0%, transparent 70%); filter: blur(60px); will-change: transform;"
      />
      <div
        style="position: absolute; left: 80%; top: 10%; width: 350px; height: 350px; border-radius: 50%; background: radial-gradient(circle, rgba(76, 175, 80, 0.15) 0%, transparent 70%); filter: blur(60px); will-change: transform;"
      />
      <div
        style="position: absolute; left: 30%; top: 70%; width: 300px; height: 300px; border-radius: 50%; background: radial-gradient(circle, rgba(0, 105, 92, 0.15) 0%, transparent 70%); filter: blur(60px); will-change: transform;"
      />
      <div
        style="position: absolute; left: 50%; top: 30%; width: 250px; height: 250px; border-radius: 50%; background: radial-gradient(circle, rgba(46, 125, 50, 0.14) 0%, transparent 70%); filter: blur(60px); will-change: transform;"
      />
      <div
        class="MuiBox-root css-2dtx34"
      />
    </div>
    <div
      class="MuiStack-root css-1wrrns3-MuiStack-root"
    >
      <div
        class="css-1bf6lxh"
      >
        <div
          class="MuiStack-root css-wjfgw-MuiStack-root"
        >
          <div
            class="MuiStack-root css-1sazv7p-MuiStack-root"
          >
            <p
              class="MuiTypography-root MuiTypography-body1 css-6dogy4-MuiTypography-root"
            >
              Hey, I'm a
            </p>
            <h1
              class="css-az5fk7"
            >
              <span
                class="char"
                style="display: inline-block;"
              >
                F
              </span>
              <span
                class="char"
                style="display: inline-block;"
              >
                r
              </span>
              <span
                class="char"
                style="display: inline-block;"
              >
                e
              </span>
              <span
                class="char"
                style="display: inline-block;"
              >
                e
              </span>
              <span
                class="char"
                style="display: inline-block;"
              >
                l
              </span>
              <span
                class="char"
                style="display: inline-block;"
              >
                a
              </span>
              <span
                class="char"
                style="display: inline-block;"
              >
                n
              </span>
              <span
                class="char"
                style="display: inline-block;"
              >
                c
              </span>
              <span
                class="char"
                style="display: inline-block;"
              >
                e
              </span>
              <br
                class="MuiBox-root css-1rb0nos"
              />
              <span
                class="MuiBox-root css-1xxi8hl"
              >
                <span
                  class="highlight"
                  style="background-image: linear-gradient(transparent 85%, currentColor 85%); background-repeat: no-repeat; background-position: 0px 0px; background-size: 0% 100%;"
                >
                  Software
                </span>
                 
                <span
                  class="highlight"
                  style="background-image: linear-gradient(transparent 85%, currentColor 85%); background-repeat: no-repeat; background-position: 0px 0px; background-size: 0% 100%;"
                >
                  Developer
                </span>
              </span>
            </h1>
          </div>
          <div
            class="MuiStack-root css-7vr6qx-MuiStack-root"
          >
            <p
              class="css-12te28g"
            >
              Great design should feel 
              <span
                class="accent"
              >
                invisible.
              </span>
               I build modern, scalable web applications that are 
              <span
                class="accent"
              >
                fast
              </span>
              ,
               
              <span
                class="accent"
              >
                intuitive
              </span>
              , and
               
              <span
                class="accent"
              >
                reliable
              </span>
              .
            </p>
            <p
              class="MuiTypography-root MuiTypography-body1 css-12h1pj8-MuiTypography-root"
            >
              From idea to production, I help turn concepts into high-quality digital products using modern web technologies.
            </p>
          </div>
        </div>
      </div>
      <div
        class="MuiBox-root css-1jju39i"
      >
        <img
          alt="Portrait"
          loading="eager"
          src="test-file-stub"
        />
      </div>
    </div>
  </section>
</div>
`;
