// Jest Snapshot v1, https://jestjs.io/docs/snapshot-testing

exports[`Navbar matches snapshot 1`] = `
<div>
  <header
    class="MuiPaper-root MuiPaper-elevation MuiPaper-elevation0 MuiAppBar-root MuiAppBar-colorPrimary MuiAppBar-positionFixed mui-fixed css-1m8r02j-MuiPaper-root-MuiAppBar-root"
    style="--Paper-shadow: none;"
  >
    <div
      class="MuiToolbar-root MuiToolbar-regular css-1h0023q-MuiToolbar-root"
    >
      <div>
        <a
          class="css-1jxd30"
          data-discover="true"
          href="/"
        >
          HRT
        </a>
      </div>
      <div
        class="MuiBox-root css-i9gxme"
      />
      <div
        class="MuiBox-root css-1b6rjoo"
      >
        <div
          class="css-19sk4h4"
        >
          <a
            class="css-awoxb8"
            data-discover="true"
            href="/about"
          >
            About
          </a>
        </div>
        <div
          class="css-19sk4h4"
        >
          <a
            class="css-awoxb8"
            data-discover="true"
            href="/blog"
          >
            Blog
          </a>
        </div>
        <div>
          <a
            class="css-e05sg8"
            data-discover="true"
            href="/#contact"
          >
            <span>
              Contact Me
            </span>
          </a>
        </div>
      </div>
    </div>
  </header>
</div>
`;
