// Jest Snapshot v1, https://jestjs.io/docs/snapshot-testing

exports[`Navbar matches snapshot 1`] = `
<div>
  <header
    class="MuiPaper-root MuiPaper-elevation MuiPaper-elevation0 MuiAppBar-root MuiAppBar-colorPrimary MuiAppBar-positionFixed mui-fixed css-wxda8f-MuiPaper-root-MuiAppBar-root"
    style="--Paper-shadow: none;"
  >
    <div
      class="MuiToolbar-root MuiToolbar-regular css-10a6tuy-MuiToolbar-root"
    >
      <a
        class="css-1qi8ns2"
        data-discover="true"
        href="/"
      >
        HRT
      </a>
      <div
        class="MuiBox-root css-i9gxme"
      />
      <div
        class="MuiStack-root css-kdc3n8-MuiStack-root"
      >
        <a
          class="css-36jghc"
          data-discover="true"
          href="/about"
        >
          About
        </a>
        <a
          class="css-36jghc"
          data-discover="true"
          href="/blog"
        >
          Blog
        </a>
        <a
          class="css-14vn9sz"
          data-discover="true"
          href="/contact"
        >
          Contact Me
        </a>
      </div>
    </div>
  </header>
</div>
`;
